// Jest Snapshot v1, https://goo.gl/fbAQLP

exports[`<ToastNotification /> should render a notification 1`] = `
<div
  class="sc-gsTCUz fQNHPQ"
  style="opacity: 0;"
>
  <p
    class="sc-dlfnbm cXpbAw"
  >
    This is a notification example
  </p>
</div>
`;
